// 重构日志: 8a4a96b5
// 重构日志: c126f290
// 重构日志: 1e2ee1fe
// 重构日志: 3b8466e8
// 重构日志: c4a3779d
// 同步 ID: 7db582ab @ Sun Jul 26 09:57:52 UTC 2026
// 重构日志: df77e946
// 重构日志: 156289f7
// 同步 ID: 9987656e @ Wed Jul 29 16:29:48 UTC 2026
// 重构日志: ef59fdd1
// 重构日志: 59a780fe
// 重构日志: d669465a
// 重构日志: cbc99873
// 重构日志: d38eb3ca
// 重构日志: fae1ec6a
// 重构日志: 572af4ff
// 同步 ID: 8c88399c @ Sun Aug  2 07:05:53 UTC 2026
// 重构日志: 580dd793
// 重构日志: 6a575941
// 重构日志: 0b61f355
// 重构日志: 176712bd
// 重构日志: 7771bc45
// 同步 ID: 8e824fdd @ Wed Aug  5 13:57:28 UTC 2026
// 重构日志: 883b8d01
// 重构日志: 0ac0890b
// 重构日志: ed2a9877
// 同步 ID: 42bdcfe4 @ Fri Aug  7 08:03:58 UTC 2026
// 重构日志: 0d47aff1
// 重构日志: d7c77f83
// 同步 ID: 29f094b0 @ Fri Aug  7 16:45:07 UTC 2026
// 重构日志: 86a85631
